Microchip MPLAB XC8 Compiler V1.44 ()

Linker command line:

-W-3 --edf=D:\Program Files\Microchip\xc8\v1.44\dat\en_msgs.txt -cs \
  -h+dist/default/debug\UART_USB.X.debug.sym \
  --cmf=dist/default/debug\UART_USB.X.debug.cmf -z -Q16F887 \
  -oC:\Users\AkosD\AppData\Local\Temp\s260.2 \
  -Mdist/default/debug/UART_USB.X.debug.map -E1 -ver=XC8 \
  -ASTACK=0110h-016fh -pstack=STACK -ACODE=00h-07FFhx3,01800h-01EFFh \
  -ASTRCODE=00h-01EFFh -ASTRING=00h-0FFhx31 -ACONST=00h-0FFhx31 \
  -AENTRY=00h-0FFhx31 -ACOMMON=071h-07Fh -ABANK0=020h-06Fh \
  -ABANK1=0A0h-0EFh -ABANK2=0110h-016Fh -ABANK3=0190h-01E4h \
  -ARAM=020h-06Fh,0A0h-0EFh,0110h-016Fh,0190h-01E4h \
  -AABS1=020h-07Fh,0A0h-0EFh,0110h-016Fh,0190h-01EFh -ASFR0=00h-01Fh \
  -ASFR1=080h-09Fh -ASFR2=0100h-010Fh -ASFR3=0180h-018Fh \
  -preset_vec=00h,intentry=04h,init,end_init -ppowerup=CODE -pcinit=CODE \
  -pfunctab=ENTRY -ACONFIG=02007h-02008h -pconfig=CONFIG -DCONFIG=2 \
  -AIDLOC=02000h-02003h -pidloc=IDLOC -DIDLOC=2 -AEEDATA=00h-0FFh/02100h \
  -peeprom_data=EEDATA -DEEDATA=2 -DCODE=2 -DSTRCODE=2 -DSTRING=2 -DCONST=2 \
  -DENTRY=2 -k C:\Users\AkosD\AppData\Local\Temp\s260.obj \
  dist/default/debug\UART_USB.X.debug.obj 

Object code version is 3.11

Machine type is 16F887



                Name                               Link     Load   Length Selector   Space Scale
C:\Users\AkosD\AppData\Local\Temp\s260.obj
                end_init                             12       12        3        8       0
                reset_vec                             0        0        4        0       0
                config                             2007     2007        2     400E       0
dist/default/debug\UART_USB.X.debug.obj
                cinit                               7F4      7F4        C      FE8       0
                intentry                              4        4        E        8       0
                text6                               6D1      6D1       15      DA2       0
                text5                               720      720       61      E40       0
                text4                               6B4      6B4        E      D68       0
                text3                               781      781       73      F02       0
                text2                               6AA      6AA        A      D54       0
                text1                               6C2      6C2        F      D84       0
                maintext                            6E6      6E6       3A      DCC       0
                cstackBANK0                          30       30        7       20       1
                cstackCOMMON                         71       71        7       71       1
                clrtext                             6A2      6A2        8      D44       0
                bssBANK0                             20       20       10       20       1
                bssCOMMON                            78       78        1       71       1
                strings                              15       15       15       2A       0

TOTAL           Name                               Link     Load   Length     Space
        CLASS   STACK          

        CLASS   CODE           
                end_init                             12       12        3         0
                cinit                               7F4      7F4        C         0
                intentry                              4        4        E         0
                reset_vec                             0        0        4         0
                text6                               6D1      6D1       15         0
                text5                               720      720       61         0
                text4                               6B4      6B4        E         0
                text3                               781      781       73         0
                text2                               6AA      6AA        A         0
                text1                               6C2      6C2        F         0
                maintext                            6E6      6E6       3A         0
                clrtext                             6A2      6A2        8         0

        CLASS   STRCODE        

        CLASS   STRING         
                strings                              15       15       15         0

        CLASS   CONST          

        CLASS   ENTRY          

        CLASS   COMMON         
                cstackCOMMON                         71       71        7         1
                bssCOMMON                            78       78        1         1

        CLASS   BANK0          
                cstackBANK0                          30       30        7         1
                bssBANK0                             20       20       10         1

        CLASS   BANK1          

        CLASS   BANK2          

        CLASS   BANK3          

        CLASS   RAM            

        CLASS   ABS1           
                abs_s1                               7E       7E        2         1

        CLASS   SFR0           

        CLASS   SFR1           

        CLASS   SFR2           

        CLASS   SFR3           

        CLASS   CONFIG         
                config                             2007     2007        2         0

        CLASS   IDLOC          

        CLASS   EEDATA         



SEGMENTS        Name                           Load    Length   Top    Selector   Space  Class     Delta

                reset_vec                      000000  000004  000004         0       0  CODE        2
                intentry                       000004  000011  000015         8       0  CODE        2
                bssBANK0                       000020  000017  000037        20       1  BANK0       1
                strings                        000015  000015  00002A        2A       0  STRING      2
                cstackCOMMON                   000071  000008  000079        71       1  COMMON      1
                clrtext                        0006A2  000008  0006AA       D44       0  CODE        2
                text2                          0006AA  00000A  0006B4       D54       0  CODE        2
                text4                          0006B4  00000E  0006C2       D68       0  CODE        2
                text1                          0006C2  00000F  0006D1       D84       0  CODE        2
                text6                          0006D1  000015  0006E6       DA2       0  CODE        2
                maintext                       0006E6  00003A  000720       DCC       0  CODE        2
                text5                          000720  000061  000781       E40       0  CODE        2
                text3                          000781  000073  0007F4       F02       0  CODE        2
                cinit                          0007F4  00000C  000800       FE8       0  CODE        2
                config                         002007  000002  002009      400E       0  CONFIG      2


UNUSED ADDRESS RANGES

        Name                Unused          Largest block    Delta
        BANK0            0037-006F             39           1
        BANK1            00A0-00EF             50           1
        BANK2            0110-016F             60           1
        BANK3            0190-01E4             55           1
        CODE             002A-06A1            678           2
                         0800-1EFF            800
        COMMON           0079-007D              5           1
        CONST            002A-06A1            100           2
                         0800-1EFF            100
        EEDATA           2100-21FF            100           2
        ENTRY            002A-06A1            100           2
                         0800-1EFF            100
        IDLOC            2000-2003              4           2
        RAM              0037-006F             39           1
                         00A0-00EF             50
                         0110-016F             60
                         0190-01E4             55
        SFR0             0000-001F             20           1
        SFR1             0080-009F             20           1
        SFR2             0100-010F             10           1
        SFR3             0180-018F             10           1
        STACK            0110-016F             60           1
        STRCODE          002A-06A1            678           2
                         0800-1EFF           1700
        STRING           002A-06A1            100           2
                         0800-1EFF            100

                                  Symbol Table

WriteLine1@i              cstackBANK0  0033
WriteLine1@txt1           cstackCOMMON 0076
_BRGH                     (abs)        04C2
_CREN                     (abs)        00C4
_INTCONbits               (abs)        000B
_PIE1bits                 (abs)        008C
_PORTCbits                (abs)        0007
_PORTD                    (abs)        0008
_RCIF                     (abs)        0065
_RCREG                    (abs)        001A
_ReceivedString           bssBANK0     0020
_SPBRG                    (abs)        0099
_SPEN                     (abs)        00C7
_SYNC                     (abs)        04C4
_TRISC                    (abs)        0087
_TRISCbits                (abs)        0087
_TRISD                    (abs)        0088
_WriteLine1               text5        0720
__CFG_BOR4V$BOR21V        (abs)        0000
__CFG_BOREN$OFF           (abs)        0000
__CFG_CP$OFF              (abs)        0000
__CFG_CPD$OFF             (abs)        0000
__CFG_FCMEN$OFF           (abs)        0000
__CFG_FOSC$INTRC_NOCLKOUT (abs)        0000
__CFG_IESO$OFF            (abs)        0000
__CFG_LVP$OFF             (abs)        0000
__CFG_MCLRE$ON            (abs)        0000
__CFG_PWRTE$ON            (abs)        0000
__CFG_WDTE$OFF            (abs)        0000
__CFG_WRT$OFF             (abs)        0000
__Habs1                   abs1         0000
__Hbank0                  bank0        0000
__Hbank1                  bank1        0000
__Hbank2                  bank2        0000
__Hbank3                  bank3        0000
__HbssBANK0               bssBANK0     0000
__HbssCOMMON              bssCOMMON    0000
__Hcinit                  cinit        0800
__Hclrtext                clrtext      0000
__Hcode                   code         0000
__Hcommon                 common       0000
__Hconfig                 config       2009
__HcstackBANK0            cstackBANK0  0000
__HcstackCOMMON           cstackCOMMON 0000
__Heeprom_data            eeprom_data  0000
__Hend_init               end_init     0015
__Hfunctab                functab      0000
__Hidloc                  idloc        0000
__Hinit                   init         0012
__Hintentry               intentry     0012
__Hmaintext               maintext     0000
__Hpowerup                powerup      0000
__Hram                    ram          0000
__Hreset_vec              reset_vec    0004
__Hsfr0                   sfr0         0000
__Hsfr1                   sfr1         0000
__Hsfr2                   sfr2         0000
__Hsfr3                   sfr3         0000
__Hspace_0                (abs)        2009
__Hspace_1                (abs)        0079
__Hspace_2                (abs)        0000
__Hspace_3                (abs)        0000
__Hstack                  stack        0000
__Hstrings                strings      0000
__Htext                   text         0000
__Labs1                   abs1         0000
__Lbank0                  bank0        0000
__Lbank1                  bank1        0000
__Lbank2                  bank2        0000
__Lbank3                  bank3        0000
__LbssBANK0               bssBANK0     0000
__LbssCOMMON              bssCOMMON    0000
__Lcinit                  cinit        07F4
__Lclrtext                clrtext      0000
__Lcode                   code         0000
__Lcommon                 common       0000
__Lconfig                 config       2007
__LcstackBANK0            cstackBANK0  0000
__LcstackCOMMON           cstackCOMMON 0000
__Leeprom_data            eeprom_data  0000
__Lend_init               end_init     0012
__Lfunctab                functab      0000
__Lidloc                  idloc        0000
__Linit                   init         0012
__Lintentry               intentry     0004
__Lmaintext               maintext     0000
__Lpowerup                powerup      0000
__Lram                    ram          0000
__Lreset_vec              reset_vec    0000
__Lsfr0                   sfr0         0000
__Lsfr1                   sfr1         0000
__Lsfr2                   sfr2         0000
__Lsfr3                   sfr3         0000
__Lspace_0                (abs)        0000
__Lspace_1                (abs)        0000
__Lspace_2                (abs)        0000
__Lspace_3                (abs)        0000
__Lstack                  stack        0000
__Lstrings                strings      0000
__Ltext                   text         0000
__S0                      (abs)        2009
__S1                      (abs)        0079
__S2                      (abs)        0000
__S3                      (abs)        0000
___int_sp                 stack        0000
___latbits                (abs)        0002
___sp                     stack        0000
__end_of_WriteLine1       text5        0781
__end_of__initialization  cinit        07FC
__end_of__stringtab       strings      0025
__end_of_lcdBe            text4        06C2
__end_of_lcdInit          text3        07F4
__end_of_main             maintext     0720
__end_of_mainInit         text2        06B4
__end_of_tc_int           text6        06E6
__end_of_uartInit         text1        06D1
__initialization          cinit        07F4
__pbssBANK0               bssBANK0     0020
__pbssCOMMON              bssCOMMON    0078
__pcstackBANK0            cstackBANK0  0030
__pcstackCOMMON           cstackCOMMON 0071
__pintentry               intentry     0004
__pmaintext               maintext     06E6
__pstrings                strings      0015
__ptext1                  text1        06C2
__ptext2                  text2        06AA
__ptext3                  text3        0781
__ptext4                  text4        06B4
__ptext5                  text5        0720
__ptext6                  text6        06D1
__size_of_WriteLine1      (abs)        0000
__size_of_lcdBe           (abs)        0000
__size_of_lcdInit         (abs)        0000
__size_of_main            (abs)        0000
__size_of_mainInit        (abs)        0000
__size_of_tc_int          (abs)        0000
__size_of_uartInit        (abs)        0000
__stringbase              strings      0024
__stringtab               strings      0015
_isReceived               bssCOMMON    0078
_lcdBe                    text4        06B4
_lcdInit                  text3        0781
_main                     maintext     06E6
_mainInit                 text2        06AA
_tc_int                   text6        06D1
_uartInit                 text1        06C2
btemp                     (abs)        007E
clear_ram0                clrtext      06A2
end_of_initialization     cinit        07FC
interrupt_function        intentry     0004
intlevel0                 functab      0000
intlevel1                 functab      0000
intlevel2                 functab      0000
intlevel3                 functab      0000
intlevel4                 functab      0000
intlevel5                 functab      0000
reset_vec                 reset_vec    0000
saved_w                   (abs)        007E
stackhi                   (abs)        0000
stacklo                   (abs)        0000
start                     init         0012
start_initialization      cinit        07F4
wtemp0                    (abs)        007E


FUNCTION INFORMATION:

 *************** function _main *****************
 Defined at:
		line 38 in file "SW/AppMain.c"
 Parameters:    Size  Location     Type
		None
 Auto vars:     Size  Location     Type
		None
 Return value:  Size  Location     Type
                  1    wreg      void 
 Registers used:
		wreg, fsr0l, fsr0h, status,2, status,0, btemp+1, pclath, cstack
 Tracked objects:
		On entry : 
		On exit  : 
		Unchanged: 
 Data sizes:     COMMON   BANK0   BANK1   BANK3   BANK2
      Params:         0       0       0       0       0
      Locals:         0       0       0       0       0
      Temps:          0       2       0       0       0
      Totals:         0       2       0       0       0
Total ram usage:        2 bytes
 Hardware stack levels required when called:    3
 This function calls:
		_WriteLine1
		_lcdBe
		_lcdInit
		_mainInit
		_uartInit
 This function is called by:
		Startup code after reset
 This function uses a non-reentrant model


 *************** function _uartInit *****************
 Defined at:
		line 8 in file "SW/UartDriver.c"
 Parameters:    Size  Location     Type
		None
 Auto vars:     Size  Location     Type
		None
 Return value:  Size  Location     Type
                  1    wreg      void 
 Registers used:
		wreg
 Tracked objects:
		On entry : 
		On exit  : 
		Unchanged: 
 Data sizes:     COMMON   BANK0   BANK1   BANK3   BANK2
      Params:         0       0       0       0       0
      Locals:         0       0       0       0       0
      Temps:          0       0       0       0       0
      Totals:         0       0       0       0       0
Total ram usage:        0 bytes
 Hardware stack levels used:    1
 Hardware stack levels required when called:    1
 This function calls:
		Nothing
 This function is called by:
		_main
 This function uses a non-reentrant model


 *************** function _mainInit *****************
 Defined at:
		line 72 in file "SW/AppMain.c"
 Parameters:    Size  Location     Type
		None
 Auto vars:     Size  Location     Type
		None
 Return value:  Size  Location     Type
                  1    wreg      void 
 Registers used:
		status,2
 Tracked objects:
		On entry : 
		On exit  : 
		Unchanged: 
 Data sizes:     COMMON   BANK0   BANK1   BANK3   BANK2
      Params:         0       0       0       0       0
      Locals:         0       0       0       0       0
      Temps:          0       0       0       0       0
      Totals:         0       0       0       0       0
Total ram usage:        0 bytes
 Hardware stack levels used:    1
 Hardware stack levels required when called:    1
 This function calls:
		Nothing
 This function is called by:
		_main
 This function uses a non-reentrant model


 *************** function _lcdInit *****************
 Defined at:
		line 56 in file "SW/LcdDriver.c"
 Parameters:    Size  Location     Type
		None
 Auto vars:     Size  Location     Type
		None
 Return value:  Size  Location     Type
                  1    wreg      void 
 Registers used:
		wreg
 Tracked objects:
		On entry : 
		On exit  : 
		Unchanged: 
 Data sizes:     COMMON   BANK0   BANK1   BANK3   BANK2
      Params:         0       0       0       0       0
      Locals:         0       0       0       0       0
      Temps:          2       0       0       0       0
      Totals:         2       0       0       0       0
Total ram usage:        2 bytes
 Hardware stack levels used:    1
 Hardware stack levels required when called:    1
 This function calls:
		Nothing
 This function is called by:
		_main
 This function uses a non-reentrant model


 *************** function _lcdBe *****************
 Defined at:
		line 99 in file "SW/LcdDriver.c"
 Parameters:    Size  Location     Type
		None
 Auto vars:     Size  Location     Type
		None
 Return value:  Size  Location     Type
                  1    wreg      void 
 Registers used:
		wreg
 Tracked objects:
		On entry : 
		On exit  : 
		Unchanged: 
 Data sizes:     COMMON   BANK0   BANK1   BANK3   BANK2
      Params:         0       0       0       0       0
      Locals:         0       0       0       0       0
      Temps:          1       0       0       0       0
      Totals:         1       0       0       0       0
Total ram usage:        1 bytes
 Hardware stack levels used:    1
 Hardware stack levels required when called:    1
 This function calls:
		Nothing
 This function is called by:
		_main
 This function uses a non-reentrant model


 *************** function _WriteLine1 *****************
 Defined at:
		line 5 in file "SW/LcdDriver.c"
 Parameters:    Size  Location     Type
  txt1            2    5[COMMON] PTR unsigned char 
		 -> STR_1(5), ReceivedString(16), 
 Auto vars:     Size  Location     Type
  i               2    3[BANK0 ] int 
 Return value:  Size  Location     Type
                  1    wreg      void 
 Registers used:
		wreg, fsr0l, fsr0h, status,2, status,0, btemp+1, pclath
 Tracked objects:
		On entry : 
		On exit  : 
		Unchanged: 
 Data sizes:     COMMON   BANK0   BANK1   BANK3   BANK2
      Params:         2       0       0       0       0
      Locals:         0       2       0       0       0
      Temps:          0       3       0       0       0
      Totals:         2       5       0       0       0
Total ram usage:        7 bytes
 Hardware stack levels used:    2
 Hardware stack levels required when called:    1
 This function calls:
		Nothing
 This function is called by:
		_main
 This function uses a non-reentrant model


 *************** function _tc_int *****************
 Defined at:
		line 23 in file "SW/AppMain.c"
 Parameters:    Size  Location     Type
		None
 Auto vars:     Size  Location     Type
		None
 Return value:  Size  Location     Type
                  1    wreg      void 
 Registers used:
		wreg
 Tracked objects:
		On entry : 
		On exit  : 
		Unchanged: 
 Data sizes:     COMMON   BANK0   BANK1   BANK3   BANK2
      Params:         0       0       0       0       0
      Locals:         0       0       0       0       0
      Temps:          5       0       0       0       0
      Totals:         5       0       0       0       0
Total ram usage:        5 bytes
 Hardware stack levels used:    1
 This function calls:
		Nothing
 This function is called by:
		Interrupt level 1
 This function uses a non-reentrant model



MODULE INFORMATION

Module		Function		Class		Link	Load	Size
SW/LcdDriver.c
		_lcdBe         		CODE           	06B4	0000	15
		_WriteLine1    		CODE           	0720	0000	98
		_lcdInit       		CODE           	0781	0000	116

SW/LcdDriver.c estimated size: 229

SW/AppMain.c
		_main          		CODE           	06E6	0000	59
		_tc_int        		CODE           	06D1	0000	22
		_mainInit      		CODE           	06AA	0000	11

SW/AppMain.c estimated size: 92

shared
		__stringtab    		STRING         	0015	0000	17
		__initialization		CODE           	07F4	0000	9

shared estimated size: 26

SW/UartDriver.c
		_uartInit      		CODE           	06C2	0000	16

SW/UartDriver.c estimated size: 16

